[0.014s] Invoking command in '/home/jorgelop/Documents/VantTec_SDV_SWARM/SDV_Proyect/SDV_Software_Workspaces/vo_ws/build/vodom_first': CMAKE_PREFIX_PATH=${CMAKE_PREFIX_PATH}:/opt/ros/humble /usr/bin/cmake --build /home/jorgelop/Documents/VantTec_SDV_SWARM/SDV_Proyect/SDV_Software_Workspaces/vo_ws/build/vodom_first -- -j16 -l16
[0.056s] -- Found ament_cmake: 1.3.12 (/opt/ros/humble/share/ament_cmake/cmake)
[0.201s] -- Found rclcpp: 16.0.14 (/opt/ros/humble/share/rclcpp/cmake)
[0.244s] -- Found rosidl_generator_c: 3.1.7 (/opt/ros/humble/share/rosidl_generator_c/cmake)
[0.246s] -- Found rosidl_adapter: 3.1.7 (/opt/ros/humble/share/rosidl_adapter/cmake)
[0.253s] -- Found rosidl_generator_cpp: 3.1.7 (/opt/ros/humble/share/rosidl_generator_cpp/cmake)
[0.267s] -- Using all available rosidl_typesupport_c: rosidl_typesupport_fastrtps_c;rosidl_typesupport_introspection_c
[0.282s] -- Using all available rosidl_typesupport_cpp: rosidl_typesupport_fastrtps_cpp;rosidl_typesupport_introspection_cpp
[0.319s] -- Found rmw_implementation_cmake: 6.1.2 (/opt/ros/humble/share/rmw_implementation_cmake/cmake)
[0.321s] -- Found rmw_fastrtps_cpp: 6.2.8 (/opt/ros/humble/share/rmw_fastrtps_cpp/cmake)
[0.450s] -- Using RMW implementation 'rmw_fastrtps_cpp' as default
[0.515s] -- Found nav_msgs: 4.9.0 (/opt/ros/humble/share/nav_msgs/cmake)
[0.547s] -- Found sensor_msgs: 4.9.0 (/opt/ros/humble/share/sensor_msgs/cmake)
[0.562s] -- Found cv_bridge: 3.2.1 (/opt/ros/humble/share/cv_bridge/cmake)
[0.571s] -- Found tf2: 0.25.16 (/opt/ros/humble/share/tf2/cmake)
[0.576s] -- Found tf2_geometry_msgs: 0.25.16 (/opt/ros/humble/share/tf2_geometry_msgs/cmake)
[0.581s] -- Found eigen3_cmake_module: 0.1.1 (/opt/ros/humble/share/eigen3_cmake_module/cmake)
[0.582s] -- Ensuring Eigen3 include directory is part of orocos-kdl CMake target
[0.673s] -- Found ament_lint_auto: 0.12.14 (/opt/ros/humble/share/ament_lint_auto/cmake)
[0.825s] -- Added test 'cppcheck' to perform static code analysis on C / C++ code
[0.825s] -- Configured cppcheck include dirs: 
[0.826s] -- Configured cppcheck exclude dirs and/or files: 
[0.836s] -- Added test 'flake8' to check Python code syntax and style conventions
[0.857s] -- Added test 'lint_cmake' to check CMake code style
[0.869s] -- Added test 'pep257' to check Python code against some of the docstring style conventions in PEP 257
[0.950s] -- Added test 'uncrustify' to check C / C++ code style
[0.950s] -- Configured uncrustify additional arguments: 
[0.962s] -- Added test 'xmllint' to check XML markup files
[0.963s] -- Configuring done
[0.970s] [31mCMake Error at CMakeLists.txt:23 (add_executable):
[0.970s]   Cannot find source file:
[0.970s] 
[0.970s]     src/listener_node.cpp
[0.971s] 
[0.971s]   Tried extensions .c .C .c++ .cc .cpp .cxx .cu .mpp .m .M .mm .ixx .cppm .h
[0.971s]   .hh .h++ .hm .hpp .hxx .in .txx .f .F .for .f77 .f90 .f95 .f03 .hip .ispc
[0.971s] 
[0.971s] [0m
[0.971s] [31mCMake Error at CMakeLists.txt:24 (add_executable):
[0.971s]   Cannot find source file:
[0.971s] 
[0.971s]     src/vodom_first_node.cpp
[0.972s] 
[0.972s]   Tried extensions .c .C .c++ .cc .cpp .cxx .cu .mpp .m .M .mm .ixx .cppm .h
[0.972s]   .hh .h++ .hm .hpp .hxx .in .txx .f .F .for .f77 .f90 .f95 .f03 .hip .ispc
[0.972s] 
[0.972s] [0m
[0.972s] [31mCMake Error at CMakeLists.txt:25 (add_executable):
[0.972s]   Cannot find source file:
[0.972s] 
[0.972s]     src/visual_odo_Uli.cpp
[0.972s] 
[0.972s]   Tried extensions .c .C .c++ .cc .cpp .cxx .cu .mpp .m .M .mm .ixx .cppm .h
[0.972s]   .hh .h++ .hm .hpp .hxx .in .txx .f .F .for .f77 .f90 .f95 .f03 .hip .ispc
[0.972s] 
[0.972s] [0m
[0.973s] [31mCMake Error at CMakeLists.txt:26 (add_executable):
[0.973s]   Cannot find source file:
[0.973s] 
[0.973s]     src/visual_odometry_node.cpp
[0.973s] 
[0.973s]   Tried extensions .c .C .c++ .cc .cpp .cxx .cu .mpp .m .M .mm .ixx .cppm .h
[0.973s]   .hh .h++ .hm .hpp .hxx .in .txx .f .F .for .f77 .f90 .f95 .f03 .hip .ispc
[0.973s] 
[0.973s] [0m
[0.973s] [31mCMake Error at CMakeLists.txt:27 (add_executable):
[0.973s]   Cannot find source file:
[0.973s] 
[0.973s]     src/ground_truth_path_node.cpp
[0.973s] 
[0.973s]   Tried extensions .c .C .c++ .cc .cpp .cxx .cu .mpp .m .M .mm .ixx .cppm .h
[0.973s]   .hh .h++ .hm .hpp .hxx .in .txx .f .F .for .f77 .f90 .f95 .f03 .hip .ispc
[0.973s] 
[0.974s] [0m
[0.974s] [31mCMake Error at CMakeLists.txt:28 (add_executable):
[0.974s]   Cannot find source file:
[0.974s] 
[0.974s]     src/minimal_path_publisher.cpp
[0.974s] 
[0.974s]   Tried extensions .c .C .c++ .cc .cpp .cxx .cu .mpp .m .M .mm .ixx .cppm .h
[0.974s]   .hh .h++ .hm .hpp .hxx .in .txx .f .F .for .f77 .f90 .f95 .f03 .hip .ispc
[0.974s] 
[0.974s] [0m
[0.974s] [31mCMake Error at CMakeLists.txt:23 (add_executable):
[0.974s]   No SOURCES given to target: listener_node
[0.974s] 
[0.974s] [0m
[0.974s] [31mCMake Error at CMakeLists.txt:24 (add_executable):
[0.974s]   No SOURCES given to target: vodom_first_node
[0.974s] 
[0.975s] [0m
[0.975s] [31mCMake Error at CMakeLists.txt:25 (add_executable):
[0.975s]   No SOURCES given to target: visual_odo_Uli
[0.975s] 
[0.975s] [0m
[0.975s] [31mCMake Error at CMakeLists.txt:26 (add_executable):
[0.975s]   No SOURCES given to target: visual_odometry_node
[0.975s] 
[0.975s] [0m
[0.975s] [31mCMake Error at CMakeLists.txt:27 (add_executable):
[0.975s]   No SOURCES given to target: ground_truth_path_node
[0.975s] 
[0.975s] [0m
[0.975s] [31mCMake Error at CMakeLists.txt:28 (add_executable):
[0.975s]   No SOURCES given to target: minimal_path_publisher
[0.976s] 
[0.976s] [0m
[0.976s] [0mCMake Generate step failed.  Build files cannot be regenerated correctly.[0m
[0.987s] gmake: *** [Makefile:349: cmake_check_build_system] Error 1
[0.990s] Invoked command in '/home/jorgelop/Documents/VantTec_SDV_SWARM/SDV_Proyect/SDV_Software_Workspaces/vo_ws/build/vodom_first' returned '2': CMAKE_PREFIX_PATH=${CMAKE_PREFIX_PATH}:/opt/ros/humble /usr/bin/cmake --build /home/jorgelop/Documents/VantTec_SDV_SWARM/SDV_Proyect/SDV_Software_Workspaces/vo_ws/build/vodom_first -- -j16 -l16
