[0.010s] Invoking command in '/home/jorgelop/Documents/VantTec_SDV_SWARM/SDV_Proyect/SDV_Software_Workspaces/vo_ws/build/vodom_first': CMAKE_PREFIX_PATH=${CMAKE_PREFIX_PATH}:/opt/ros/humble /usr/bin/cmake --build /home/jorgelop/Documents/VantTec_SDV_SWARM/SDV_Proyect/SDV_Software_Workspaces/vo_ws/build/vodom_first -- -j16 -l16
[0.039s] -- Found ament_cmake: 1.3.12 (/opt/ros/humble/share/ament_cmake/cmake)
[0.149s] -- Found rclcpp: 16.0.14 (/opt/ros/humble/share/rclcpp/cmake)
[0.175s] -- Found rosidl_generator_c: 3.1.7 (/opt/ros/humble/share/rosidl_generator_c/cmake)
[0.177s] -- Found rosidl_adapter: 3.1.7 (/opt/ros/humble/share/rosidl_adapter/cmake)
[0.181s] -- Found rosidl_generator_cpp: 3.1.7 (/opt/ros/humble/share/rosidl_generator_cpp/cmake)
[0.189s] -- Using all available rosidl_typesupport_c: rosidl_typesupport_fastrtps_c;rosidl_typesupport_introspection_c
[0.198s] -- Using all available rosidl_typesupport_cpp: rosidl_typesupport_fastrtps_cpp;rosidl_typesupport_introspection_cpp
[0.222s] -- Found rmw_implementation_cmake: 6.1.2 (/opt/ros/humble/share/rmw_implementation_cmake/cmake)
[0.224s] -- Found rmw_fastrtps_cpp: 6.2.8 (/opt/ros/humble/share/rmw_fastrtps_cpp/cmake)
[0.340s] -- Using RMW implementation 'rmw_fastrtps_cpp' as default
[0.386s] -- Found nav_msgs: 4.9.0 (/opt/ros/humble/share/nav_msgs/cmake)
[0.411s] -- Found tf2: 0.25.16 (/opt/ros/humble/share/tf2/cmake)
[0.413s] -- Found tf2_geometry_msgs: 0.25.16 (/opt/ros/humble/share/tf2_geometry_msgs/cmake)
[0.416s] -- Found eigen3_cmake_module: 0.1.1 (/opt/ros/humble/share/eigen3_cmake_module/cmake)
[0.417s] -- Ensuring Eigen3 include directory is part of orocos-kdl CMake target
[0.492s] -- Found ament_lint_auto: 0.12.14 (/opt/ros/humble/share/ament_lint_auto/cmake)
[0.636s] -- Added test 'cppcheck' to perform static code analysis on C / C++ code
[0.636s] -- Configured cppcheck include dirs: 
[0.636s] -- Configured cppcheck exclude dirs and/or files: 
[0.646s] -- Added test 'flake8' to check Python code syntax and style conventions
[0.665s] -- Added test 'lint_cmake' to check CMake code style
[0.674s] -- Added test 'pep257' to check Python code against some of the docstring style conventions in PEP 257
[0.751s] -- Added test 'uncrustify' to check C / C++ code style
[0.751s] -- Configured uncrustify additional arguments: 
[0.763s] -- Added test 'xmllint' to check XML markup files
[0.770s] -- Configuring done
[0.787s] -- Generating done
[0.793s] -- Build files have been written to: /home/jorgelop/Documents/VantTec_SDV_SWARM/SDV_Proyect/SDV_Software_Workspaces/vo_ws/build/vodom_first
[0.818s] [35m[1mConsolidate compiler generated dependencies of target ground_truth_path_node[0m
[0.830s] [ 25%] [32mBuilding CXX object CMakeFiles/visual_odo_simple.dir/src/visual_odo_simple.cpp.o[0m
[0.843s] [ 50%] [32mBuilding CXX object CMakeFiles/ground_truth_path_node.dir/src/ground_truth_path_node.cpp.o[0m
[3.792s] [01m[K/home/jorgelop/Documents/VantTec_SDV_SWARM/SDV_Proyect/SDV_Software_Workspaces/vo_ws/src/vodom_first/src/visual_odo_simple.cpp:[m[K In member function ‘[01m[Kvoid VisualOdometrySimple::process_frame()[m[K’:
[3.792s] [01m[K/home/jorgelop/Documents/VantTec_SDV_SWARM/SDV_Proyect/SDV_Software_Workspaces/vo_ws/src/vodom_first/src/visual_odo_simple.cpp:200:20:[m[K [01;31m[Kerror: [m[K‘[01m[Kclass __gnu_cxx::__normal_iterator<cv::DMatch*, std::vector<cv::DMatch> >[m[K’ has no member named ‘[01m[Kdistance[m[K’
[3.792s]   200 |                 }).[01;31m[Kdistance[m[K;
[3.792s]       |                    [01;31m[K^~~~~~~~[m[K
[5.191s] [ 75%] [32m[1mLinking CXX executable ground_truth_path_node[0m
[5.408s] [ 75%] Built target ground_truth_path_node
[5.646s] gmake[2]: *** [CMakeFiles/visual_odo_simple.dir/build.make:76: CMakeFiles/visual_odo_simple.dir/src/visual_odo_simple.cpp.o] Error 1
[5.646s] gmake[1]: *** [CMakeFiles/Makefile2:139: CMakeFiles/visual_odo_simple.dir/all] Error 2
[5.646s] gmake: *** [Makefile:146: all] Error 2
[5.649s] Invoked command in '/home/jorgelop/Documents/VantTec_SDV_SWARM/SDV_Proyect/SDV_Software_Workspaces/vo_ws/build/vodom_first' returned '2': CMAKE_PREFIX_PATH=${CMAKE_PREFIX_PATH}:/opt/ros/humble /usr/bin/cmake --build /home/jorgelop/Documents/VantTec_SDV_SWARM/SDV_Proyect/SDV_Software_Workspaces/vo_ws/build/vodom_first -- -j16 -l16
