[0.008s] Invoking command in '/home/jorgelop/Documents/VantTec_SDV_SWARM/SDV_Proyect/SDV_Software_Workspaces/vo_ws/build/vodom_first': CMAKE_PREFIX_PATH=${CMAKE_PREFIX_PATH}:/opt/ros/humble /usr/bin/cmake /home/jorgelop/Documents/VantTec_SDV_SWARM/SDV_Proyect/SDV_Software_Workspaces/vo_ws/src/vodom_first -DCMAKE_INSTALL_PREFIX=/home/jorgelop/Documents/VantTec_SDV_SWARM/SDV_Proyect/SDV_Software_Workspaces/vo_ws/install/vodom_first
[0.052s] -- The C compiler identification is GNU 11.4.0
[0.095s] -- The CXX compiler identification is GNU 11.4.0
[0.101s] -- Detecting C compiler ABI info
[0.160s] -- Detecting C compiler ABI info - done
[0.166s] -- Check for working C compiler: /usr/bin/cc - skipped
[0.166s] -- Detecting C compile features
[0.166s] -- Detecting C compile features - done
[0.168s] -- Detecting CXX compiler ABI info
[0.232s] -- Detecting CXX compiler ABI info - done
[0.237s] -- Check for working CXX compiler: /usr/bin/c++ - skipped
[0.237s] -- Detecting CXX compile features
[0.237s] -- Detecting CXX compile features - done
[0.239s] -- Found ament_cmake: 1.3.12 (/opt/ros/humble/share/ament_cmake/cmake)
[0.349s] -- Found Python3: /usr/bin/python3 (found version "3.10.12") found components: Interpreter 
[0.417s] -- Found rclcpp: 16.0.14 (/opt/ros/humble/share/rclcpp/cmake)
[0.452s] -- Found rosidl_generator_c: 3.1.7 (/opt/ros/humble/share/rosidl_generator_c/cmake)
[0.456s] -- Found rosidl_adapter: 3.1.7 (/opt/ros/humble/share/rosidl_adapter/cmake)
[0.463s] -- Found rosidl_generator_cpp: 3.1.7 (/opt/ros/humble/share/rosidl_generator_cpp/cmake)
[0.472s] -- Using all available rosidl_typesupport_c: rosidl_typesupport_fastrtps_c;rosidl_typesupport_introspection_c
[0.485s] -- Using all available rosidl_typesupport_cpp: rosidl_typesupport_fastrtps_cpp;rosidl_typesupport_introspection_cpp
[0.518s] -- Found rmw_implementation_cmake: 6.1.2 (/opt/ros/humble/share/rmw_implementation_cmake/cmake)
[0.520s] -- Found rmw_fastrtps_cpp: 6.2.8 (/opt/ros/humble/share/rmw_fastrtps_cpp/cmake)
[0.594s] -- Found OpenSSL: /usr/lib/x86_64-linux-gnu/libcrypto.so (found version "3.0.2")  
[0.620s] -- Found FastRTPS: /opt/ros/humble/include  
[0.658s] -- Using RMW implementation 'rmw_fastrtps_cpp' as default
[0.665s] -- Looking for pthread.h
[0.722s] -- Looking for pthread.h - found
[0.723s] -- Performing Test CMAKE_HAVE_LIBC_PTHREAD
[0.782s] -- Performing Test CMAKE_HAVE_LIBC_PTHREAD - Success
[0.783s] -- Found Threads: TRUE  
[0.820s] -- Found nav_msgs: 4.9.0 (/opt/ros/humble/share/nav_msgs/cmake)
[0.849s] -- Found OpenCV: /usr (found version "4.5.4") 
[0.854s] -- Found ament_lint_auto: 0.12.14 (/opt/ros/humble/share/ament_lint_auto/cmake)
[0.946s] -- Added test 'cppcheck' to perform static code analysis on C / C++ code
[0.946s] -- Configured cppcheck include dirs: 
[0.946s] -- Configured cppcheck exclude dirs and/or files: 
[0.951s] -- Added test 'flake8' to check Python code syntax and style conventions
[0.960s] -- Added test 'lint_cmake' to check CMake code style
[0.965s] -- Added test 'pep257' to check Python code against some of the docstring style conventions in PEP 257
[1.001s] -- Added test 'uncrustify' to check C / C++ code style
[1.001s] -- Configured uncrustify additional arguments: 
[1.005s] -- Added test 'xmllint' to check XML markup files
[1.007s] -- Configuring done
[1.026s] -- Generating done
[1.033s] -- Build files have been written to: /home/jorgelop/Documents/VantTec_SDV_SWARM/SDV_Proyect/SDV_Software_Workspaces/vo_ws/build/vodom_first
[1.042s] Invoked command in '/home/jorgelop/Documents/VantTec_SDV_SWARM/SDV_Proyect/SDV_Software_Workspaces/vo_ws/build/vodom_first' returned '0': CMAKE_PREFIX_PATH=${CMAKE_PREFIX_PATH}:/opt/ros/humble /usr/bin/cmake /home/jorgelop/Documents/VantTec_SDV_SWARM/SDV_Proyect/SDV_Software_Workspaces/vo_ws/src/vodom_first -DCMAKE_INSTALL_PREFIX=/home/jorgelop/Documents/VantTec_SDV_SWARM/SDV_Proyect/SDV_Software_Workspaces/vo_ws/install/vodom_first
[1.044s] Invoking command in '/home/jorgelop/Documents/VantTec_SDV_SWARM/SDV_Proyect/SDV_Software_Workspaces/vo_ws/build/vodom_first': CMAKE_PREFIX_PATH=${CMAKE_PREFIX_PATH}:/opt/ros/humble /usr/bin/cmake --build /home/jorgelop/Documents/VantTec_SDV_SWARM/SDV_Proyect/SDV_Software_Workspaces/vo_ws/build/vodom_first -- -j16 -l16
[1.084s] [ 37%] [32mBuilding CXX object CMakeFiles/visual_odo_Uli.dir/src/visual_odo_Uli.cpp.o[0m
[1.084s] [ 37%] [32mBuilding CXX object CMakeFiles/visual_odometry_node.dir/src/visual_odometry_node.cpp.o[0m
[1.084s] [ 37%] [32mBuilding CXX object CMakeFiles/ground_truth_path_node.dir/src/ground_truth_path_node.cpp.o[0m
[1.084s] [ 50%] [32mBuilding CXX object CMakeFiles/path_recorder.dir/src/path_recorder.cpp.o[0m
[4.832s] [ 62%] [32m[1mLinking CXX executable ground_truth_path_node[0m
[5.002s] [ 62%] Built target ground_truth_path_node
[6.213s] [ 75%] [32m[1mLinking CXX executable visual_odometry_node[0m
[6.356s] [ 87%] [32m[1mLinking CXX executable visual_odo_Uli[0m
[6.623s] [ 87%] Built target visual_odometry_node
[6.740s] [ 87%] Built target visual_odo_Uli
[7.729s] [100%] [32m[1mLinking CXX executable path_recorder[0m
[8.042s] [100%] Built target path_recorder
[8.052s] Invoked command in '/home/jorgelop/Documents/VantTec_SDV_SWARM/SDV_Proyect/SDV_Software_Workspaces/vo_ws/build/vodom_first' returned '0': CMAKE_PREFIX_PATH=${CMAKE_PREFIX_PATH}:/opt/ros/humble /usr/bin/cmake --build /home/jorgelop/Documents/VantTec_SDV_SWARM/SDV_Proyect/SDV_Software_Workspaces/vo_ws/build/vodom_first -- -j16 -l16
[8.060s] Invoking command in '/home/jorgelop/Documents/VantTec_SDV_SWARM/SDV_Proyect/SDV_Software_Workspaces/vo_ws/build/vodom_first': CMAKE_PREFIX_PATH=${CMAKE_PREFIX_PATH}:/opt/ros/humble /usr/bin/cmake --install /home/jorgelop/Documents/VantTec_SDV_SWARM/SDV_Proyect/SDV_Software_Workspaces/vo_ws/build/vodom_first
[8.065s] -- Install configuration: ""
[8.066s] -- Installing: /home/jorgelop/Documents/VantTec_SDV_SWARM/SDV_Proyect/SDV_Software_Workspaces/vo_ws/install/vodom_first/lib/vodom_first/visual_odometry_node
[8.067s] -- Set runtime path of "/home/jorgelop/Documents/VantTec_SDV_SWARM/SDV_Proyect/SDV_Software_Workspaces/vo_ws/install/vodom_first/lib/vodom_first/visual_odometry_node" to ""
[8.068s] -- Installing: /home/jorgelop/Documents/VantTec_SDV_SWARM/SDV_Proyect/SDV_Software_Workspaces/vo_ws/install/vodom_first/lib/vodom_first/visual_odo_Uli
[8.069s] -- Set runtime path of "/home/jorgelop/Documents/VantTec_SDV_SWARM/SDV_Proyect/SDV_Software_Workspaces/vo_ws/install/vodom_first/lib/vodom_first/visual_odo_Uli" to ""
[8.069s] -- Installing: /home/jorgelop/Documents/VantTec_SDV_SWARM/SDV_Proyect/SDV_Software_Workspaces/vo_ws/install/vodom_first/lib/vodom_first/ground_truth_path_node
[8.071s] -- Set runtime path of "/home/jorgelop/Documents/VantTec_SDV_SWARM/SDV_Proyect/SDV_Software_Workspaces/vo_ws/install/vodom_first/lib/vodom_first/ground_truth_path_node" to ""
[8.071s] -- Installing: /home/jorgelop/Documents/VantTec_SDV_SWARM/SDV_Proyect/SDV_Software_Workspaces/vo_ws/install/vodom_first/lib/vodom_first/path_recorder
[8.076s] -- Set runtime path of "/home/jorgelop/Documents/VantTec_SDV_SWARM/SDV_Proyect/SDV_Software_Workspaces/vo_ws/install/vodom_first/lib/vodom_first/path_recorder" to ""
[8.076s] -- Installing: /home/jorgelop/Documents/VantTec_SDV_SWARM/SDV_Proyect/SDV_Software_Workspaces/vo_ws/install/vodom_first/share/ament_index/resource_index/package_run_dependencies/vodom_first
[8.076s] -- Installing: /home/jorgelop/Documents/VantTec_SDV_SWARM/SDV_Proyect/SDV_Software_Workspaces/vo_ws/install/vodom_first/share/ament_index/resource_index/parent_prefix_path/vodom_first
[8.077s] -- Installing: /home/jorgelop/Documents/VantTec_SDV_SWARM/SDV_Proyect/SDV_Software_Workspaces/vo_ws/install/vodom_first/share/vodom_first/environment/ament_prefix_path.sh
[8.077s] -- Installing: /home/jorgelop/Documents/VantTec_SDV_SWARM/SDV_Proyect/SDV_Software_Workspaces/vo_ws/install/vodom_first/share/vodom_first/environment/ament_prefix_path.dsv
[8.077s] -- Installing: /home/jorgelop/Documents/VantTec_SDV_SWARM/SDV_Proyect/SDV_Software_Workspaces/vo_ws/install/vodom_first/share/vodom_first/environment/path.sh
[8.077s] -- Installing: /home/jorgelop/Documents/VantTec_SDV_SWARM/SDV_Proyect/SDV_Software_Workspaces/vo_ws/install/vodom_first/share/vodom_first/environment/path.dsv
[8.077s] -- Installing: /home/jorgelop/Documents/VantTec_SDV_SWARM/SDV_Proyect/SDV_Software_Workspaces/vo_ws/install/vodom_first/share/vodom_first/local_setup.bash
[8.077s] -- Installing: /home/jorgelop/Documents/VantTec_SDV_SWARM/SDV_Proyect/SDV_Software_Workspaces/vo_ws/install/vodom_first/share/vodom_first/local_setup.sh
[8.077s] -- Installing: /home/jorgelop/Documents/VantTec_SDV_SWARM/SDV_Proyect/SDV_Software_Workspaces/vo_ws/install/vodom_first/share/vodom_first/local_setup.zsh
[8.078s] -- Installing: /home/jorgelop/Documents/VantTec_SDV_SWARM/SDV_Proyect/SDV_Software_Workspaces/vo_ws/install/vodom_first/share/vodom_first/local_setup.dsv
[8.078s] -- Installing: /home/jorgelop/Documents/VantTec_SDV_SWARM/SDV_Proyect/SDV_Software_Workspaces/vo_ws/install/vodom_first/share/vodom_first/package.dsv
[8.078s] -- Installing: /home/jorgelop/Documents/VantTec_SDV_SWARM/SDV_Proyect/SDV_Software_Workspaces/vo_ws/install/vodom_first/share/ament_index/resource_index/packages/vodom_first
[8.078s] -- Installing: /home/jorgelop/Documents/VantTec_SDV_SWARM/SDV_Proyect/SDV_Software_Workspaces/vo_ws/install/vodom_first/share/vodom_first/cmake/vodom_firstConfig.cmake
[8.078s] -- Installing: /home/jorgelop/Documents/VantTec_SDV_SWARM/SDV_Proyect/SDV_Software_Workspaces/vo_ws/install/vodom_first/share/vodom_first/cmake/vodom_firstConfig-version.cmake
[8.078s] -- Installing: /home/jorgelop/Documents/VantTec_SDV_SWARM/SDV_Proyect/SDV_Software_Workspaces/vo_ws/install/vodom_first/share/vodom_first/package.xml
[8.080s] Invoked command in '/home/jorgelop/Documents/VantTec_SDV_SWARM/SDV_Proyect/SDV_Software_Workspaces/vo_ws/build/vodom_first' returned '0': CMAKE_PREFIX_PATH=${CMAKE_PREFIX_PATH}:/opt/ros/humble /usr/bin/cmake --install /home/jorgelop/Documents/VantTec_SDV_SWARM/SDV_Proyect/SDV_Software_Workspaces/vo_ws/build/vodom_first
