[0.010s] Invoking command in '/home/jorgelop/Documents/VantTec_SDV_SWARM/SDV_Proyect/SDV_Software_Workspaces/vo_ws/build/vodom_first': CMAKE_PREFIX_PATH=${CMAKE_PREFIX_PATH}:/opt/ros/humble /usr/bin/cmake --build /home/jorgelop/Documents/VantTec_SDV_SWARM/SDV_Proyect/SDV_Software_Workspaces/vo_ws/build/vodom_first -- -j16 -l16
[0.034s] -- Found ament_cmake: 1.3.12 (/opt/ros/humble/share/ament_cmake/cmake)
[0.138s] -- Found rclcpp: 16.0.14 (/opt/ros/humble/share/rclcpp/cmake)
[0.163s] -- Found rosidl_generator_c: 3.1.7 (/opt/ros/humble/share/rosidl_generator_c/cmake)
[0.165s] -- Found rosidl_adapter: 3.1.7 (/opt/ros/humble/share/rosidl_adapter/cmake)
[0.169s] -- Found rosidl_generator_cpp: 3.1.7 (/opt/ros/humble/share/rosidl_generator_cpp/cmake)
[0.177s] -- Using all available rosidl_typesupport_c: rosidl_typesupport_fastrtps_c;rosidl_typesupport_introspection_c
[0.186s] -- Using all available rosidl_typesupport_cpp: rosidl_typesupport_fastrtps_cpp;rosidl_typesupport_introspection_cpp
[0.213s] -- Found rmw_implementation_cmake: 6.1.2 (/opt/ros/humble/share/rmw_implementation_cmake/cmake)
[0.214s] -- Found rmw_fastrtps_cpp: 6.2.8 (/opt/ros/humble/share/rmw_fastrtps_cpp/cmake)
[0.318s] -- Using RMW implementation 'rmw_fastrtps_cpp' as default
[0.356s] -- Found nav_msgs: 4.9.0 (/opt/ros/humble/share/nav_msgs/cmake)
[0.378s] -- Found tf2: 0.25.16 (/opt/ros/humble/share/tf2/cmake)
[0.380s] -- Found tf2_geometry_msgs: 0.25.16 (/opt/ros/humble/share/tf2_geometry_msgs/cmake)
[0.383s] -- Found eigen3_cmake_module: 0.1.1 (/opt/ros/humble/share/eigen3_cmake_module/cmake)
[0.384s] -- Ensuring Eigen3 include directory is part of orocos-kdl CMake target
[0.459s] -- Found ament_lint_auto: 0.12.14 (/opt/ros/humble/share/ament_lint_auto/cmake)
[0.586s] -- Added test 'cppcheck' to perform static code analysis on C / C++ code
[0.587s] -- Configured cppcheck include dirs: 
[0.587s] -- Configured cppcheck exclude dirs and/or files: 
[0.596s] -- Added test 'flake8' to check Python code syntax and style conventions
[0.614s] -- Added test 'lint_cmake' to check CMake code style
[0.624s] -- Added test 'pep257' to check Python code against some of the docstring style conventions in PEP 257
[0.694s] -- Added test 'uncrustify' to check C / C++ code style
[0.694s] -- Configured uncrustify additional arguments: 
[0.703s] -- Added test 'xmllint' to check XML markup files
[0.704s] -- Configuring done
[0.730s] -- Generating done
[0.743s] -- Build files have been written to: /home/jorgelop/Documents/VantTec_SDV_SWARM/SDV_Proyect/SDV_Software_Workspaces/vo_ws/build/vodom_first
[0.771s] [35m[1mConsolidate compiler generated dependencies of target ground_truth_path_node[0m
[0.772s] [35m[1mConsolidate compiler generated dependencies of target visual_odometry_node[0m
[0.772s] [35m[1mConsolidate compiler generated dependencies of target visual_odo_Uli[0m
[0.782s] [ 12%] [32mBuilding CXX object CMakeFiles/ground_truth_2d_node.dir/src/ground_truth_2d_node.cpp.o[0m
[0.791s] [ 25%] [32mBuilding CXX object CMakeFiles/ground_truth_path_node.dir/src/ground_truth_path_node.cpp.o[0m
[0.792s] [ 50%] Built target visual_odometry_node
[0.795s] [ 75%] Built target visual_odo_Uli
[1.046s] [01m[K/home/jorgelop/Documents/VantTec_SDV_SWARM/SDV_Proyect/SDV_Software_Workspaces/vo_ws/src/vodom_first/src/ground_truth_path_node.cpp:6:10:[m[K [01;31m[Kfatal error: [m[Ktf2/LinearMath/Quaternion.h: No such file or directory
[1.046s]     6 | #include [01;31m[K<tf2/LinearMath/Quaternion.h>[m[K
[1.046s]       |          [01;31m[K^~~~~~~~~~~~~~~~~~~~~~~~~~~~~[m[K
[1.046s] compilation terminated.
[1.050s] gmake[2]: *** [CMakeFiles/ground_truth_path_node.dir/build.make:76: CMakeFiles/ground_truth_path_node.dir/src/ground_truth_path_node.cpp.o] Error 1
[1.050s] gmake[1]: *** [CMakeFiles/Makefile2:195: CMakeFiles/ground_truth_path_node.dir/all] Error 2
[1.050s] gmake[1]: *** Waiting for unfinished jobs....
[5.509s] [ 87%] [32m[1mLinking CXX executable ground_truth_2d_node[0m
[5.721s] [ 87%] Built target ground_truth_2d_node
[5.722s] gmake: *** [Makefile:146: all] Error 2
[5.726s] Invoked command in '/home/jorgelop/Documents/VantTec_SDV_SWARM/SDV_Proyect/SDV_Software_Workspaces/vo_ws/build/vodom_first' returned '2': CMAKE_PREFIX_PATH=${CMAKE_PREFIX_PATH}:/opt/ros/humble /usr/bin/cmake --build /home/jorgelop/Documents/VantTec_SDV_SWARM/SDV_Proyect/SDV_Software_Workspaces/vo_ws/build/vodom_first -- -j16 -l16
