In file included from [01m[K/opt/ros/humble/include/rclcpp/rclcpp/logging.hpp:24[m[K,
                 from [01m[K/opt/ros/humble/include/rclcpp/rclcpp/client.hpp:40[m[K,
                 from [01m[K/opt/ros/humble/include/rclcpp/rclcpp/callback_group.hpp:24[m[K,
                 from [01m[K/opt/ros/humble/include/rclcpp/rclcpp/any_executable.hpp:20[m[K,
                 from [01m[K/opt/ros/humble/include/rclcpp/rclcpp/memory_strategy.hpp:25[m[K,
                 from [01m[K/opt/ros/humble/include/rclcpp/rclcpp/memory_strategies.hpp:18[m[K,
                 from [01m[K/opt/ros/humble/include/rclcpp/rclcpp/executor_options.hpp:20[m[K,
                 from [01m[K/opt/ros/humble/include/rclcpp/rclcpp/executor.hpp:37[m[K,
                 from [01m[K/opt/ros/humble/include/rclcpp/rclcpp/executors/multi_threaded_executor.hpp:25[m[K,
                 from [01m[K/opt/ros/humble/include/rclcpp/rclcpp/executors.hpp:21[m[K,
                 from [01m[K/opt/ros/humble/include/rclcpp/rclcpp/rclcpp.hpp:155[m[K,
                 from [01m[K/home/jorgelop/Documents/VantTec_SDV_SWARM/SDV_Proyect/SDV_Software_Workspaces/vo_ws/src/vodom_first/src/visual_odo_simple.cpp:1[m[K:
[01m[K/home/jorgelop/Documents/VantTec_SDV_SWARM/SDV_Proyect/SDV_Software_Workspaces/vo_ws/src/vodom_first/src/visual_odo_simple.cpp:[m[K In member function ‘[01m[Kbool VisualOdometrySimple::loadCameraCalibration()[m[K’:
[01m[K/home/jorgelop/Documents/VantTec_SDV_SWARM/SDV_Proyect/SDV_Software_Workspaces/vo_ws/src/vodom_first/src/visual_odo_simple.cpp:98:85:[m[K [01;31m[Kerror: [m[K‘[01m[Kcalib_file[m[K’ was not declared in this scope
   98 |             RCLCPP_ERROR(this->get_logger(), "❌ Cannot open calibration file: %s", [01;31m[Kcalib_file[m[K.c_str());
      |                                                                                     [01;31m[K^~~~~~~~~~[m[K
[01m[K/home/jorgelop/Documents/VantTec_SDV_SWARM/SDV_Proyect/SDV_Software_Workspaces/vo_ws/src/vodom_first/src/visual_odo_simple.cpp:126:29:[m[K [01;31m[Kerror: [m[K‘[01m[Kfile[m[K’ was not declared in this scope
  126 |         while (std::getline([01;31m[Kfile[m[K, line)) {
      |                             [01;31m[K^~~~[m[K
In file included from [01m[K/opt/ros/humble/include/rclcpp/rclcpp/logging.hpp:24[m[K,
                 from [01m[K/opt/ros/humble/include/rclcpp/rclcpp/client.hpp:40[m[K,
                 from [01m[K/opt/ros/humble/include/rclcpp/rclcpp/callback_group.hpp:24[m[K,
                 from [01m[K/opt/ros/humble/include/rclcpp/rclcpp/any_executable.hpp:20[m[K,
                 from [01m[K/opt/ros/humble/include/rclcpp/rclcpp/memory_strategy.hpp:25[m[K,
                 from [01m[K/opt/ros/humble/include/rclcpp/rclcpp/memory_strategies.hpp:18[m[K,
                 from [01m[K/opt/ros/humble/include/rclcpp/rclcpp/executor_options.hpp:20[m[K,
                 from [01m[K/opt/ros/humble/include/rclcpp/rclcpp/executor.hpp:37[m[K,
                 from [01m[K/opt/ros/humble/include/rclcpp/rclcpp/executors/multi_threaded_executor.hpp:25[m[K,
                 from [01m[K/opt/ros/humble/include/rclcpp/rclcpp/executors.hpp:21[m[K,
                 from [01m[K/opt/ros/humble/include/rclcpp/rclcpp/rclcpp.hpp:155[m[K,
                 from [01m[K/home/jorgelop/Documents/VantTec_SDV_SWARM/SDV_Proyect/SDV_Software_Workspaces/vo_ws/src/vodom_first/src/visual_odo_simple.cpp:1[m[K:
[01m[K/home/jorgelop/Documents/VantTec_SDV_SWARM/SDV_Proyect/SDV_Software_Workspaces/vo_ws/src/vodom_first/src/visual_odo_simple.cpp:167:82:[m[K [01;31m[Kerror: [m[K‘[01m[Kcalib_file[m[K’ was not declared in this scope
  167 |         RCLCPP_INFO(this->get_logger(), "✅ Camera calibration loaded from: %s", [01;31m[Kcalib_file[m[K.c_str());
      |                                                                                  [01;31m[K^~~~~~~~~~[m[K
gmake[2]: *** [CMakeFiles/visual_odo_simple.dir/build.make:76: CMakeFiles/visual_odo_simple.dir/src/visual_odo_simple.cpp.o] Error 1
gmake[1]: *** [CMakeFiles/Makefile2:197: CMakeFiles/visual_odo_simple.dir/all] Error 2
gmake: *** [Makefile:146: all] Error 2
