[0.012s] Invoking command in '/home/jorgelop/Documents/VantTec_SDV_SWARM/SDV_Proyect/SDV_Software_Workspaces/vo_ws/build/vodom_first': CMAKE_PREFIX_PATH=${CMAKE_PREFIX_PATH}:/opt/ros/humble /usr/bin/cmake --build /home/jorgelop/Documents/VantTec_SDV_SWARM/SDV_Proyect/SDV_Software_Workspaces/vo_ws/build/vodom_first -- -j16 -l16
[0.076s] -- Found ament_cmake: 1.3.12 (/opt/ros/humble/share/ament_cmake/cmake)
[0.197s] -- Found rclcpp: 16.0.14 (/opt/ros/humble/share/rclcpp/cmake)
[0.233s] -- Found rosidl_generator_c: 3.1.7 (/opt/ros/humble/share/rosidl_generator_c/cmake)
[0.235s] -- Found rosidl_adapter: 3.1.7 (/opt/ros/humble/share/rosidl_adapter/cmake)
[0.242s] -- Found rosidl_generator_cpp: 3.1.7 (/opt/ros/humble/share/rosidl_generator_cpp/cmake)
[0.252s] -- Using all available rosidl_typesupport_c: rosidl_typesupport_fastrtps_c;rosidl_typesupport_introspection_c
[0.264s] -- Using all available rosidl_typesupport_cpp: rosidl_typesupport_fastrtps_cpp;rosidl_typesupport_introspection_cpp
[0.297s] -- Found rmw_implementation_cmake: 6.1.2 (/opt/ros/humble/share/rmw_implementation_cmake/cmake)
[0.299s] -- Found rmw_fastrtps_cpp: 6.2.8 (/opt/ros/humble/share/rmw_fastrtps_cpp/cmake)
[0.418s] -- Using RMW implementation 'rmw_fastrtps_cpp' as default
[0.473s] -- Found nav_msgs: 4.9.0 (/opt/ros/humble/share/nav_msgs/cmake)
[0.519s] -- Found ament_lint_auto: 0.12.14 (/opt/ros/humble/share/ament_lint_auto/cmake)
[0.624s] -- Added test 'cppcheck' to perform static code analysis on C / C++ code
[0.624s] -- Configured cppcheck include dirs: 
[0.624s] -- Configured cppcheck exclude dirs and/or files: 
[0.629s] -- Added test 'flake8' to check Python code syntax and style conventions
[0.639s] -- Added test 'lint_cmake' to check CMake code style
[0.644s] -- Added test 'pep257' to check Python code against some of the docstring style conventions in PEP 257
[0.682s] -- Added test 'uncrustify' to check C / C++ code style
[0.683s] -- Configured uncrustify additional arguments: 
[0.687s] -- Added test 'xmllint' to check XML markup files
[0.689s] -- Configuring done
[0.695s] [31mCMake Error at CMakeLists.txt:23 (add_executable):
[0.695s]   Cannot find source file:
[0.695s] 
[0.695s]     src/visual_odo_Uli.cpp
[0.695s] 
[0.695s]   Tried extensions .c .C .c++ .cc .cpp .cxx .cu .mpp .m .M .mm .ixx .cppm .h
[0.695s]   .hh .h++ .hm .hpp .hxx .in .txx .f .F .for .f77 .f90 .f95 .f03 .hip .ispc
[0.695s] 
[0.695s] [0m
[0.696s] [31mCMake Error at CMakeLists.txt:23 (add_executable):
[0.696s]   No SOURCES given to target: visual_odo_Uli
[0.696s] 
[0.696s] [0m
[0.696s] [0mCMake Generate step failed.  Build files cannot be regenerated correctly.[0m
[0.707s] gmake: *** [Makefile:390: cmake_check_build_system] Error 1
[0.710s] Invoked command in '/home/jorgelop/Documents/VantTec_SDV_SWARM/SDV_Proyect/SDV_Software_Workspaces/vo_ws/build/vodom_first' returned '2': CMAKE_PREFIX_PATH=${CMAKE_PREFIX_PATH}:/opt/ros/humble /usr/bin/cmake --build /home/jorgelop/Documents/VantTec_SDV_SWARM/SDV_Proyect/SDV_Software_Workspaces/vo_ws/build/vodom_first -- -j16 -l16
