[0.011s] Invoking command in '/home/jorgelop/Documents/VantTec_SDV_SWARM/SDV_Proyect/SDV_Software_Workspaces/vo_ws/build/vodom_first': CMAKE_PREFIX_PATH=${CMAKE_PREFIX_PATH}:/opt/ros/humble /usr/bin/cmake --build /home/jorgelop/Documents/VantTec_SDV_SWARM/SDV_Proyect/SDV_Software_Workspaces/vo_ws/build/vodom_first -- -j16 -l16
[0.037s] -- Found ament_cmake: 1.3.12 (/opt/ros/humble/share/ament_cmake/cmake)
[0.137s] -- Found rclcpp: 16.0.14 (/opt/ros/humble/share/rclcpp/cmake)
[0.161s] -- Found rosidl_generator_c: 3.1.7 (/opt/ros/humble/share/rosidl_generator_c/cmake)
[0.163s] -- Found rosidl_adapter: 3.1.7 (/opt/ros/humble/share/rosidl_adapter/cmake)
[0.168s] -- Found rosidl_generator_cpp: 3.1.7 (/opt/ros/humble/share/rosidl_generator_cpp/cmake)
[0.175s] -- Using all available rosidl_typesupport_c: rosidl_typesupport_fastrtps_c;rosidl_typesupport_introspection_c
[0.184s] -- Using all available rosidl_typesupport_cpp: rosidl_typesupport_fastrtps_cpp;rosidl_typesupport_introspection_cpp
[0.209s] -- Found rmw_implementation_cmake: 6.1.2 (/opt/ros/humble/share/rmw_implementation_cmake/cmake)
[0.210s] -- Found rmw_fastrtps_cpp: 6.2.8 (/opt/ros/humble/share/rmw_fastrtps_cpp/cmake)
[0.314s] -- Using RMW implementation 'rmw_fastrtps_cpp' as default
[0.353s] -- Found nav_msgs: 4.9.0 (/opt/ros/humble/share/nav_msgs/cmake)
[0.375s] -- Found sensor_msgs: 4.9.0 (/opt/ros/humble/share/sensor_msgs/cmake)
[0.387s] -- Found cv_bridge: 3.2.1 (/opt/ros/humble/share/cv_bridge/cmake)
[0.394s] -- Found tf2: 0.25.16 (/opt/ros/humble/share/tf2/cmake)
[0.397s] -- Found tf2_geometry_msgs: 0.25.16 (/opt/ros/humble/share/tf2_geometry_msgs/cmake)
[0.400s] -- Found eigen3_cmake_module: 0.1.1 (/opt/ros/humble/share/eigen3_cmake_module/cmake)
[0.401s] -- Ensuring Eigen3 include directory is part of orocos-kdl CMake target
[0.475s] -- Found ament_lint_auto: 0.12.14 (/opt/ros/humble/share/ament_lint_auto/cmake)
[0.604s] -- Added test 'cppcheck' to perform static code analysis on C / C++ code
[0.604s] -- Configured cppcheck include dirs: 
[0.604s] -- Configured cppcheck exclude dirs and/or files: 
[0.613s] -- Added test 'flake8' to check Python code syntax and style conventions
[0.633s] -- Added test 'lint_cmake' to check CMake code style
[0.641s] -- Added test 'pep257' to check Python code against some of the docstring style conventions in PEP 257
[0.706s] -- Added test 'uncrustify' to check C / C++ code style
[0.707s] -- Configured uncrustify additional arguments: 
[0.716s] -- Added test 'xmllint' to check XML markup files
[0.717s] -- Configuring done
[0.738s] -- Generating done
[0.745s] -- Build files have been written to: /home/jorgelop/Documents/VantTec_SDV_SWARM/SDV_Proyect/SDV_Software_Workspaces/vo_ws/build/vodom_first
[0.770s] [35m[1mConsolidate compiler generated dependencies of target odometry_to_path[0m
[0.770s] [35m[1mConsolidate compiler generated dependencies of target visual_odo_simple[0m
[0.779s] [ 16%] [32mBuilding CXX object CMakeFiles/gps_to_pose.dir/src/gps_to_pose.cpp.o[0m
[0.793s] [ 33%] [32mBuilding CXX object CMakeFiles/odometry_to_path.dir/src/odometry_to_path.cpp.o[0m
[0.797s] [ 66%] Built target visual_odo_simple
[7.842s] [ 83%] [32m[1mLinking CXX executable odometry_to_path[0m
[8.100s] [100%] [32m[1mLinking CXX executable gps_to_pose[0m
[8.205s] [100%] Built target odometry_to_path
[8.479s] [100%] Built target gps_to_pose
[8.489s] Invoked command in '/home/jorgelop/Documents/VantTec_SDV_SWARM/SDV_Proyect/SDV_Software_Workspaces/vo_ws/build/vodom_first' returned '0': CMAKE_PREFIX_PATH=${CMAKE_PREFIX_PATH}:/opt/ros/humble /usr/bin/cmake --build /home/jorgelop/Documents/VantTec_SDV_SWARM/SDV_Proyect/SDV_Software_Workspaces/vo_ws/build/vodom_first -- -j16 -l16
[8.498s] Invoking command in '/home/jorgelop/Documents/VantTec_SDV_SWARM/SDV_Proyect/SDV_Software_Workspaces/vo_ws/build/vodom_first': CMAKE_PREFIX_PATH=${CMAKE_PREFIX_PATH}:/opt/ros/humble /usr/bin/cmake --install /home/jorgelop/Documents/VantTec_SDV_SWARM/SDV_Proyect/SDV_Software_Workspaces/vo_ws/build/vodom_first
[8.504s] -- Install configuration: ""
[8.504s] -- Up-to-date: /home/jorgelop/Documents/VantTec_SDV_SWARM/SDV_Proyect/SDV_Software_Workspaces/vo_ws/install/vodom_first/lib/vodom_first/visual_odo_simple
[8.505s] -- Installing: /home/jorgelop/Documents/VantTec_SDV_SWARM/SDV_Proyect/SDV_Software_Workspaces/vo_ws/install/vodom_first/lib/vodom_first/odometry_to_path
[8.511s] -- Set runtime path of "/home/jorgelop/Documents/VantTec_SDV_SWARM/SDV_Proyect/SDV_Software_Workspaces/vo_ws/install/vodom_first/lib/vodom_first/odometry_to_path" to ""
[8.511s] -- Installing: /home/jorgelop/Documents/VantTec_SDV_SWARM/SDV_Proyect/SDV_Software_Workspaces/vo_ws/install/vodom_first/lib/vodom_first/gps_to_pose
[8.517s] -- Set runtime path of "/home/jorgelop/Documents/VantTec_SDV_SWARM/SDV_Proyect/SDV_Software_Workspaces/vo_ws/install/vodom_first/lib/vodom_first/gps_to_pose" to ""
[8.517s] -- Up-to-date: /home/jorgelop/Documents/VantTec_SDV_SWARM/SDV_Proyect/SDV_Software_Workspaces/vo_ws/install/vodom_first/share/vodom_first/launch
[8.517s] -- Installing: /home/jorgelop/Documents/VantTec_SDV_SWARM/SDV_Proyect/SDV_Software_Workspaces/vo_ws/install/vodom_first/share/vodom_first/launch/simple_vo_ekf.launch.py
[8.517s] -- Up-to-date: /home/jorgelop/Documents/VantTec_SDV_SWARM/SDV_Proyect/SDV_Software_Workspaces/vo_ws/install/vodom_first/share/vodom_first/config
[8.517s] -- Up-to-date: /home/jorgelop/Documents/VantTec_SDV_SWARM/SDV_Proyect/SDV_Software_Workspaces/vo_ws/install/vodom_first/share/vodom_first/config/calib(1).txt
[8.517s] -- Up-to-date: /home/jorgelop/Documents/VantTec_SDV_SWARM/SDV_Proyect/SDV_Software_Workspaces/vo_ws/install/vodom_first/share/vodom_first/config/vo_2d_visualization.rviz
[8.517s] -- Installing: /home/jorgelop/Documents/VantTec_SDV_SWARM/SDV_Proyect/SDV_Software_Workspaces/vo_ws/install/vodom_first/share/vodom_first/config/ekf_config.yaml
[8.517s] -- Up-to-date: /home/jorgelop/Documents/VantTec_SDV_SWARM/SDV_Proyect/SDV_Software_Workspaces/vo_ws/install/vodom_first/share/ament_index/resource_index/package_run_dependencies/vodom_first
[8.517s] -- Up-to-date: /home/jorgelop/Documents/VantTec_SDV_SWARM/SDV_Proyect/SDV_Software_Workspaces/vo_ws/install/vodom_first/share/ament_index/resource_index/parent_prefix_path/vodom_first
[8.517s] -- Up-to-date: /home/jorgelop/Documents/VantTec_SDV_SWARM/SDV_Proyect/SDV_Software_Workspaces/vo_ws/install/vodom_first/share/vodom_first/environment/ament_prefix_path.sh
[8.518s] -- Installing: /home/jorgelop/Documents/VantTec_SDV_SWARM/SDV_Proyect/SDV_Software_Workspaces/vo_ws/install/vodom_first/share/vodom_first/environment/ament_prefix_path.dsv
[8.518s] -- Up-to-date: /home/jorgelop/Documents/VantTec_SDV_SWARM/SDV_Proyect/SDV_Software_Workspaces/vo_ws/install/vodom_first/share/vodom_first/environment/path.sh
[8.518s] -- Installing: /home/jorgelop/Documents/VantTec_SDV_SWARM/SDV_Proyect/SDV_Software_Workspaces/vo_ws/install/vodom_first/share/vodom_first/environment/path.dsv
[8.518s] -- Up-to-date: /home/jorgelop/Documents/VantTec_SDV_SWARM/SDV_Proyect/SDV_Software_Workspaces/vo_ws/install/vodom_first/share/vodom_first/local_setup.bash
[8.518s] -- Up-to-date: /home/jorgelop/Documents/VantTec_SDV_SWARM/SDV_Proyect/SDV_Software_Workspaces/vo_ws/install/vodom_first/share/vodom_first/local_setup.sh
[8.518s] -- Up-to-date: /home/jorgelop/Documents/VantTec_SDV_SWARM/SDV_Proyect/SDV_Software_Workspaces/vo_ws/install/vodom_first/share/vodom_first/local_setup.zsh
[8.518s] -- Installing: /home/jorgelop/Documents/VantTec_SDV_SWARM/SDV_Proyect/SDV_Software_Workspaces/vo_ws/install/vodom_first/share/vodom_first/local_setup.dsv
[8.518s] -- Installing: /home/jorgelop/Documents/VantTec_SDV_SWARM/SDV_Proyect/SDV_Software_Workspaces/vo_ws/install/vodom_first/share/vodom_first/package.dsv
[8.519s] -- Up-to-date: /home/jorgelop/Documents/VantTec_SDV_SWARM/SDV_Proyect/SDV_Software_Workspaces/vo_ws/install/vodom_first/share/ament_index/resource_index/packages/vodom_first
[8.519s] -- Up-to-date: /home/jorgelop/Documents/VantTec_SDV_SWARM/SDV_Proyect/SDV_Software_Workspaces/vo_ws/install/vodom_first/share/vodom_first/cmake/vodom_firstConfig.cmake
[8.519s] -- Up-to-date: /home/jorgelop/Documents/VantTec_SDV_SWARM/SDV_Proyect/SDV_Software_Workspaces/vo_ws/install/vodom_first/share/vodom_first/cmake/vodom_firstConfig-version.cmake
[8.519s] -- Installing: /home/jorgelop/Documents/VantTec_SDV_SWARM/SDV_Proyect/SDV_Software_Workspaces/vo_ws/install/vodom_first/share/vodom_first/package.xml
[8.521s] Invoked command in '/home/jorgelop/Documents/VantTec_SDV_SWARM/SDV_Proyect/SDV_Software_Workspaces/vo_ws/build/vodom_first' returned '0': CMAKE_PREFIX_PATH=${CMAKE_PREFIX_PATH}:/opt/ros/humble /usr/bin/cmake --install /home/jorgelop/Documents/VantTec_SDV_SWARM/SDV_Proyect/SDV_Software_Workspaces/vo_ws/build/vodom_first
