[0.010s] Invoking command in '/home/jorgelop/Documents/VantTec_SDV_SWARM/SDV_Proyect/SDV_Software_Workspaces/vo_ws/build/vodom_first': CMAKE_PREFIX_PATH=${CMAKE_PREFIX_PATH}:/opt/ros/humble /usr/bin/cmake --build /home/jorgelop/Documents/VantTec_SDV_SWARM/SDV_Proyect/SDV_Software_Workspaces/vo_ws/build/vodom_first -- -j16 -l16
[0.050s] [35m[1mConsolidate compiler generated dependencies of target ground_truth_path_node[0m
[0.050s] [35m[1mConsolidate compiler generated dependencies of target visual_odo_Uli[0m
[0.064s] [ 33%] Built target visual_odometry_node
[0.067s] [ 50%] [32mBuilding CXX object CMakeFiles/ground_truth_path_node.dir/src/ground_truth_path_node.cpp.o[0m
[0.072s] [ 66%] [32mBuilding CXX object CMakeFiles/visual_odo_Uli.dir/src/visual_odo_Uli.cpp.o[0m
[0.074s] [01m[K/home/jorgelop/Documents/VantTec_SDV_SWARM/SDV_Proyect/SDV_Software_Workspaces/vo_ws/src/vodom_first/src/ground_truth_path_node.cpp:1:72:[m[K [01;31m[Kerror: [m[Kmissing terminating > character
[0.074s]     1 | #include <rclcpp/r      roll_degrees_(0.0),   // Rotation around X axis
[0.074s]       |                                                                        [01;31m[K^[m[K
[0.074s] [01m[K/home/jorgelop/Documents/VantTec_SDV_SWARM/SDV_Proyect/SDV_Software_Workspaces/vo_ws/src/vodom_first/src/ground_truth_path_node.cpp:1:10:[m[K [01;31m[Kfatal error: [m[Krclcpp/r roll_degrees_(0.0),: No such file or directory
[0.074s]     1 | #include [01;31m[K<[m[Krclcpp/r      roll_degrees_(0.0),   // Rotation around X axis
[0.074s]       |          [01;31m[K^[m[K
[0.075s] compilation terminated.
[0.075s] gmake[2]: *** [CMakeFiles/ground_truth_path_node.dir/build.make:76: CMakeFiles/ground_truth_path_node.dir/src/ground_truth_path_node.cpp.o] Error 1
[0.075s] gmake[1]: *** [CMakeFiles/Makefile2:193: CMakeFiles/ground_truth_path_node.dir/all] Error 2
[0.075s] gmake[1]: *** Waiting for unfinished jobs....
[13.158s] [ 83%] [32m[1mLinking CXX executable visual_odo_Uli[0m
[13.907s] [ 83%] Built target visual_odo_Uli
[13.908s] gmake: *** [Makefile:146: all] Error 2
[13.910s] Invoked command in '/home/jorgelop/Documents/VantTec_SDV_SWARM/SDV_Proyect/SDV_Software_Workspaces/vo_ws/build/vodom_first' returned '2': CMAKE_PREFIX_PATH=${CMAKE_PREFIX_PATH}:/opt/ros/humble /usr/bin/cmake --build /home/jorgelop/Documents/VantTec_SDV_SWARM/SDV_Proyect/SDV_Software_Workspaces/vo_ws/build/vodom_first -- -j16 -l16
