[0.011s] Invoking command in '/home/jorgelop/Documents/VantTec_SDV_SWARM/SDV_Proyect/SDV_Software_Workspaces/vo_ws/build/vodom_first': CMAKE_PREFIX_PATH=${CMAKE_PREFIX_PATH}:/opt/ros/humble /usr/bin/cmake --build /home/jorgelop/Documents/VantTec_SDV_SWARM/SDV_Proyect/SDV_Software_Workspaces/vo_ws/build/vodom_first -- -j16 -l16
[0.042s] -- Found ament_cmake: 1.3.12 (/opt/ros/humble/share/ament_cmake/cmake)
[0.167s] -- Found rclcpp: 16.0.14 (/opt/ros/humble/share/rclcpp/cmake)
[0.203s] -- Found rosidl_generator_c: 3.1.7 (/opt/ros/humble/share/rosidl_generator_c/cmake)
[0.206s] -- Found rosidl_adapter: 3.1.7 (/opt/ros/humble/share/rosidl_adapter/cmake)
[0.214s] -- Found rosidl_generator_cpp: 3.1.7 (/opt/ros/humble/share/rosidl_generator_cpp/cmake)
[0.227s] -- Using all available rosidl_typesupport_c: rosidl_typesupport_fastrtps_c;rosidl_typesupport_introspection_c
[0.240s] -- Using all available rosidl_typesupport_cpp: rosidl_typesupport_fastrtps_cpp;rosidl_typesupport_introspection_cpp
[0.273s] -- Found rmw_implementation_cmake: 6.1.2 (/opt/ros/humble/share/rmw_implementation_cmake/cmake)
[0.274s] -- Found rmw_fastrtps_cpp: 6.2.8 (/opt/ros/humble/share/rmw_fastrtps_cpp/cmake)
[0.391s] -- Using RMW implementation 'rmw_fastrtps_cpp' as default
[0.447s] -- Found nav_msgs: 4.9.0 (/opt/ros/humble/share/nav_msgs/cmake)
[0.481s] -- Found tf2: 0.25.16 (/opt/ros/humble/share/tf2/cmake)
[0.494s] -- Found tf2_geometry_msgs: 0.25.16 (/opt/ros/humble/share/tf2_geometry_msgs/cmake)
[0.512s] -- Found eigen3_cmake_module: 0.1.1 (/opt/ros/humble/share/eigen3_cmake_module/cmake)
[0.514s] -- Found Eigen3: TRUE (found version "3.4.0") 
[0.514s] -- Ensuring Eigen3 include directory is part of orocos-kdl CMake target
[0.637s] -- Found ament_lint_auto: 0.12.14 (/opt/ros/humble/share/ament_lint_auto/cmake)
[0.773s] -- Added test 'cppcheck' to perform static code analysis on C / C++ code
[0.773s] -- Configured cppcheck include dirs: 
[0.773s] -- Configured cppcheck exclude dirs and/or files: 
[0.783s] -- Added test 'flake8' to check Python code syntax and style conventions
[0.801s] -- Added test 'lint_cmake' to check CMake code style
[0.810s] -- Added test 'pep257' to check Python code against some of the docstring style conventions in PEP 257
[0.879s] -- Added test 'uncrustify' to check C / C++ code style
[0.879s] -- Configured uncrustify additional arguments: 
[0.888s] -- Added test 'xmllint' to check XML markup files
[0.889s] -- Configuring done
[0.922s] -- Generating done
[0.935s] -- Build files have been written to: /home/jorgelop/Documents/VantTec_SDV_SWARM/SDV_Proyect/SDV_Software_Workspaces/vo_ws/build/vodom_first
[0.964s] [35m[1mConsolidate compiler generated dependencies of target listener_node[0m
[0.964s] [35m[1mConsolidate compiler generated dependencies of target vodom_first_node[0m
[0.964s] [35m[1mConsolidate compiler generated dependencies of target ground_truth_path_node[0m
[0.964s] [35m[1mConsolidate compiler generated dependencies of target visual_odometry_node[0m
[0.964s] [35m[1mConsolidate compiler generated dependencies of target visual_odo_Uli[0m
[0.964s] [35m[1mConsolidate compiler generated dependencies of target minimal_path_publisher[0m
[0.983s] [ 41%] [32mBuilding CXX object CMakeFiles/minimal_path_publisher.dir/src/minimal_path_publisher.cpp.o[0m
[0.984s] [ 58%] Built target listener_node
[0.984s] [ 58%] Built target ground_truth_path_node
[0.984s] [ 58%] Built target vodom_first_node
[0.985s] [ 66%] [32mBuilding CXX object CMakeFiles/visual_odometry_node.dir/src/visual_odometry_node.cpp.o[0m
[0.987s] [ 75%] [32mBuilding CXX object CMakeFiles/visual_odo_Uli.dir/src/visual_odo_Uli.cpp.o[0m
[5.262s] [ 83%] [32m[1mLinking CXX executable minimal_path_publisher[0m
[5.457s] [ 83%] Built target minimal_path_publisher
[6.954s] [ 91%] [32m[1mLinking CXX executable visual_odometry_node[0m
[7.403s] [ 91%] Built target visual_odometry_node
[7.578s] [100%] [32m[1mLinking CXX executable visual_odo_Uli[0m
[8.028s] [100%] Built target visual_odo_Uli
[8.042s] Invoked command in '/home/jorgelop/Documents/VantTec_SDV_SWARM/SDV_Proyect/SDV_Software_Workspaces/vo_ws/build/vodom_first' returned '0': CMAKE_PREFIX_PATH=${CMAKE_PREFIX_PATH}:/opt/ros/humble /usr/bin/cmake --build /home/jorgelop/Documents/VantTec_SDV_SWARM/SDV_Proyect/SDV_Software_Workspaces/vo_ws/build/vodom_first -- -j16 -l16
[8.054s] Invoking command in '/home/jorgelop/Documents/VantTec_SDV_SWARM/SDV_Proyect/SDV_Software_Workspaces/vo_ws/build/vodom_first': CMAKE_PREFIX_PATH=${CMAKE_PREFIX_PATH}:/opt/ros/humble /usr/bin/cmake --install /home/jorgelop/Documents/VantTec_SDV_SWARM/SDV_Proyect/SDV_Software_Workspaces/vo_ws/build/vodom_first
[8.061s] -- Install configuration: ""
[8.061s] -- Up-to-date: /home/jorgelop/Documents/VantTec_SDV_SWARM/SDV_Proyect/SDV_Software_Workspaces/vo_ws/install/vodom_first/lib/vodom_first/vodom_first_node
[8.061s] -- Up-to-date: /home/jorgelop/Documents/VantTec_SDV_SWARM/SDV_Proyect/SDV_Software_Workspaces/vo_ws/install/vodom_first/lib/vodom_first/listener_node
[8.062s] -- Installing: /home/jorgelop/Documents/VantTec_SDV_SWARM/SDV_Proyect/SDV_Software_Workspaces/vo_ws/install/vodom_first/lib/vodom_first/visual_odometry_node
[8.063s] -- Set runtime path of "/home/jorgelop/Documents/VantTec_SDV_SWARM/SDV_Proyect/SDV_Software_Workspaces/vo_ws/install/vodom_first/lib/vodom_first/visual_odometry_node" to ""
[8.063s] -- Installing: /home/jorgelop/Documents/VantTec_SDV_SWARM/SDV_Proyect/SDV_Software_Workspaces/vo_ws/install/vodom_first/lib/vodom_first/visual_odo_Uli
[8.065s] -- Set runtime path of "/home/jorgelop/Documents/VantTec_SDV_SWARM/SDV_Proyect/SDV_Software_Workspaces/vo_ws/install/vodom_first/lib/vodom_first/visual_odo_Uli" to ""
[8.065s] -- Up-to-date: /home/jorgelop/Documents/VantTec_SDV_SWARM/SDV_Proyect/SDV_Software_Workspaces/vo_ws/install/vodom_first/lib/vodom_first/ground_truth_path_node
[8.066s] -- Installing: /home/jorgelop/Documents/VantTec_SDV_SWARM/SDV_Proyect/SDV_Software_Workspaces/vo_ws/install/vodom_first/lib/vodom_first/minimal_path_publisher
[8.067s] -- Set runtime path of "/home/jorgelop/Documents/VantTec_SDV_SWARM/SDV_Proyect/SDV_Software_Workspaces/vo_ws/install/vodom_first/lib/vodom_first/minimal_path_publisher" to ""
[8.067s] -- Installing: /home/jorgelop/Documents/VantTec_SDV_SWARM/SDV_Proyect/SDV_Software_Workspaces/vo_ws/install/vodom_first/lib/vodom_first/plot_2d_trajectory.py
[8.067s] -- Installing: /home/jorgelop/Documents/VantTec_SDV_SWARM/SDV_Proyect/SDV_Software_Workspaces/vo_ws/install/vodom_first/lib/vodom_first/pygame_visualizer_2d.py
[8.068s] -- Installing: /home/jorgelop/Documents/VantTec_SDV_SWARM/SDV_Proyect/SDV_Software_Workspaces/vo_ws/install/vodom_first/share/vodom_first/launch
[8.068s] -- Installing: /home/jorgelop/Documents/VantTec_SDV_SWARM/SDV_Proyect/SDV_Software_Workspaces/vo_ws/install/vodom_first/share/vodom_first/launch/vo_2d_visualization.launch.py
[8.068s] -- Installing: /home/jorgelop/Documents/VantTec_SDV_SWARM/SDV_Proyect/SDV_Software_Workspaces/vo_ws/install/vodom_first/share/vodom_first/config
[8.068s] -- Installing: /home/jorgelop/Documents/VantTec_SDV_SWARM/SDV_Proyect/SDV_Software_Workspaces/vo_ws/install/vodom_first/share/vodom_first/config/vo_2d_visualization.rviz
[8.068s] -- Up-to-date: /home/jorgelop/Documents/VantTec_SDV_SWARM/SDV_Proyect/SDV_Software_Workspaces/vo_ws/install/vodom_first/share/ament_index/resource_index/package_run_dependencies/vodom_first
[8.068s] -- Up-to-date: /home/jorgelop/Documents/VantTec_SDV_SWARM/SDV_Proyect/SDV_Software_Workspaces/vo_ws/install/vodom_first/share/ament_index/resource_index/parent_prefix_path/vodom_first
[8.069s] -- Up-to-date: /home/jorgelop/Documents/VantTec_SDV_SWARM/SDV_Proyect/SDV_Software_Workspaces/vo_ws/install/vodom_first/share/vodom_first/environment/ament_prefix_path.sh
[8.069s] -- Installing: /home/jorgelop/Documents/VantTec_SDV_SWARM/SDV_Proyect/SDV_Software_Workspaces/vo_ws/install/vodom_first/share/vodom_first/environment/ament_prefix_path.dsv
[8.069s] -- Up-to-date: /home/jorgelop/Documents/VantTec_SDV_SWARM/SDV_Proyect/SDV_Software_Workspaces/vo_ws/install/vodom_first/share/vodom_first/environment/path.sh
[8.069s] -- Installing: /home/jorgelop/Documents/VantTec_SDV_SWARM/SDV_Proyect/SDV_Software_Workspaces/vo_ws/install/vodom_first/share/vodom_first/environment/path.dsv
[8.069s] -- Up-to-date: /home/jorgelop/Documents/VantTec_SDV_SWARM/SDV_Proyect/SDV_Software_Workspaces/vo_ws/install/vodom_first/share/vodom_first/local_setup.bash
[8.069s] -- Up-to-date: /home/jorgelop/Documents/VantTec_SDV_SWARM/SDV_Proyect/SDV_Software_Workspaces/vo_ws/install/vodom_first/share/vodom_first/local_setup.sh
[8.069s] -- Up-to-date: /home/jorgelop/Documents/VantTec_SDV_SWARM/SDV_Proyect/SDV_Software_Workspaces/vo_ws/install/vodom_first/share/vodom_first/local_setup.zsh
[8.069s] -- Installing: /home/jorgelop/Documents/VantTec_SDV_SWARM/SDV_Proyect/SDV_Software_Workspaces/vo_ws/install/vodom_first/share/vodom_first/local_setup.dsv
[8.069s] -- Installing: /home/jorgelop/Documents/VantTec_SDV_SWARM/SDV_Proyect/SDV_Software_Workspaces/vo_ws/install/vodom_first/share/vodom_first/package.dsv
[8.070s] -- Up-to-date: /home/jorgelop/Documents/VantTec_SDV_SWARM/SDV_Proyect/SDV_Software_Workspaces/vo_ws/install/vodom_first/share/ament_index/resource_index/packages/vodom_first
[8.070s] -- Up-to-date: /home/jorgelop/Documents/VantTec_SDV_SWARM/SDV_Proyect/SDV_Software_Workspaces/vo_ws/install/vodom_first/share/vodom_first/cmake/vodom_firstConfig.cmake
[8.070s] -- Up-to-date: /home/jorgelop/Documents/VantTec_SDV_SWARM/SDV_Proyect/SDV_Software_Workspaces/vo_ws/install/vodom_first/share/vodom_first/cmake/vodom_firstConfig-version.cmake
[8.070s] -- Up-to-date: /home/jorgelop/Documents/VantTec_SDV_SWARM/SDV_Proyect/SDV_Software_Workspaces/vo_ws/install/vodom_first/share/vodom_first/package.xml
[8.072s] Invoked command in '/home/jorgelop/Documents/VantTec_SDV_SWARM/SDV_Proyect/SDV_Software_Workspaces/vo_ws/build/vodom_first' returned '0': CMAKE_PREFIX_PATH=${CMAKE_PREFIX_PATH}:/opt/ros/humble /usr/bin/cmake --install /home/jorgelop/Documents/VantTec_SDV_SWARM/SDV_Proyect/SDV_Software_Workspaces/vo_ws/build/vodom_first
