[0.010s] Invoking command in '/home/jorgelop/Documents/VantTec_SDV_SWARM/SDV_Proyect/SDV_Software_Workspaces/vo_ws/build/vodom_first': CMAKE_PREFIX_PATH=${CMAKE_PREFIX_PATH}:/opt/ros/humble /usr/bin/cmake --build /home/jorgelop/Documents/VantTec_SDV_SWARM/SDV_Proyect/SDV_Software_Workspaces/vo_ws/build/vodom_first -- -j16 -l16
[0.033s] -- Found ament_cmake: 1.3.12 (/opt/ros/humble/share/ament_cmake/cmake)
[0.127s] -- Found rclcpp: 16.0.14 (/opt/ros/humble/share/rclcpp/cmake)
[0.150s] -- Found rosidl_generator_c: 3.1.7 (/opt/ros/humble/share/rosidl_generator_c/cmake)
[0.152s] -- Found rosidl_adapter: 3.1.7 (/opt/ros/humble/share/rosidl_adapter/cmake)
[0.156s] -- Found rosidl_generator_cpp: 3.1.7 (/opt/ros/humble/share/rosidl_generator_cpp/cmake)
[0.163s] -- Using all available rosidl_typesupport_c: rosidl_typesupport_fastrtps_c;rosidl_typesupport_introspection_c
[0.172s] -- Using all available rosidl_typesupport_cpp: rosidl_typesupport_fastrtps_cpp;rosidl_typesupport_introspection_cpp
[0.194s] -- Found rmw_implementation_cmake: 6.1.2 (/opt/ros/humble/share/rmw_implementation_cmake/cmake)
[0.195s] -- Found rmw_fastrtps_cpp: 6.2.8 (/opt/ros/humble/share/rmw_fastrtps_cpp/cmake)
[0.289s] -- Using RMW implementation 'rmw_fastrtps_cpp' as default
[0.325s] -- Found nav_msgs: 4.9.0 (/opt/ros/humble/share/nav_msgs/cmake)
[0.349s] -- Found tf2: 0.25.16 (/opt/ros/humble/share/tf2/cmake)
[0.352s] -- Found tf2_geometry_msgs: 0.25.16 (/opt/ros/humble/share/tf2_geometry_msgs/cmake)
[0.354s] -- Found eigen3_cmake_module: 0.1.1 (/opt/ros/humble/share/eigen3_cmake_module/cmake)
[0.355s] -- Ensuring Eigen3 include directory is part of orocos-kdl CMake target
[0.421s] -- Found ament_lint_auto: 0.12.14 (/opt/ros/humble/share/ament_lint_auto/cmake)
[0.542s] -- Added test 'cppcheck' to perform static code analysis on C / C++ code
[0.542s] -- Configured cppcheck include dirs: 
[0.542s] -- Configured cppcheck exclude dirs and/or files: 
[0.550s] -- Added test 'flake8' to check Python code syntax and style conventions
[0.566s] -- Added test 'lint_cmake' to check CMake code style
[0.574s] -- Added test 'pep257' to check Python code against some of the docstring style conventions in PEP 257
[0.638s] -- Added test 'uncrustify' to check C / C++ code style
[0.638s] -- Configured uncrustify additional arguments: 
[0.645s] -- Added test 'xmllint' to check XML markup files
[0.646s] -- Configuring done
[0.664s] -- Generating done
[0.671s] -- Build files have been written to: /home/jorgelop/Documents/VantTec_SDV_SWARM/SDV_Proyect/SDV_Software_Workspaces/vo_ws/build/vodom_first
[0.696s] [35m[1mConsolidate compiler generated dependencies of target ground_truth_path_node[0m
[0.696s] [35m[1mConsolidate compiler generated dependencies of target visual_odometry_node[0m
[0.696s] [35m[1mConsolidate compiler generated dependencies of target visual_odo_Uli[0m
[0.715s] [ 33%] Built target ground_truth_path_node
[0.716s] [ 66%] Built target visual_odometry_node
[0.717s] [100%] Built target visual_odo_Uli
[0.728s] Invoked command in '/home/jorgelop/Documents/VantTec_SDV_SWARM/SDV_Proyect/SDV_Software_Workspaces/vo_ws/build/vodom_first' returned '0': CMAKE_PREFIX_PATH=${CMAKE_PREFIX_PATH}:/opt/ros/humble /usr/bin/cmake --build /home/jorgelop/Documents/VantTec_SDV_SWARM/SDV_Proyect/SDV_Software_Workspaces/vo_ws/build/vodom_first -- -j16 -l16
[0.737s] Invoking command in '/home/jorgelop/Documents/VantTec_SDV_SWARM/SDV_Proyect/SDV_Software_Workspaces/vo_ws/build/vodom_first': CMAKE_PREFIX_PATH=${CMAKE_PREFIX_PATH}:/opt/ros/humble /usr/bin/cmake --install /home/jorgelop/Documents/VantTec_SDV_SWARM/SDV_Proyect/SDV_Software_Workspaces/vo_ws/build/vodom_first
[0.743s] -- Install configuration: ""
[0.744s] -- Up-to-date: /home/jorgelop/Documents/VantTec_SDV_SWARM/SDV_Proyect/SDV_Software_Workspaces/vo_ws/install/vodom_first/lib/vodom_first/visual_odometry_node
[0.744s] -- Up-to-date: /home/jorgelop/Documents/VantTec_SDV_SWARM/SDV_Proyect/SDV_Software_Workspaces/vo_ws/install/vodom_first/lib/vodom_first/visual_odo_Uli
[0.744s] -- Up-to-date: /home/jorgelop/Documents/VantTec_SDV_SWARM/SDV_Proyect/SDV_Software_Workspaces/vo_ws/install/vodom_first/lib/vodom_first/ground_truth_path_node
[0.745s] -- Up-to-date: /home/jorgelop/Documents/VantTec_SDV_SWARM/SDV_Proyect/SDV_Software_Workspaces/vo_ws/install/vodom_first/lib/vodom_first/plot_2d_trajectory.py
[0.745s] -- Up-to-date: /home/jorgelop/Documents/VantTec_SDV_SWARM/SDV_Proyect/SDV_Software_Workspaces/vo_ws/install/vodom_first/lib/vodom_first/tkinter_visualizer_2d.py
[0.745s] -- Up-to-date: /home/jorgelop/Documents/VantTec_SDV_SWARM/SDV_Proyect/SDV_Software_Workspaces/vo_ws/install/vodom_first/share/vodom_first/launch
[0.745s] -- Up-to-date: /home/jorgelop/Documents/VantTec_SDV_SWARM/SDV_Proyect/SDV_Software_Workspaces/vo_ws/install/vodom_first/share/vodom_first/launch/vo_2d_visualization.launch.py
[0.745s] -- Up-to-date: /home/jorgelop/Documents/VantTec_SDV_SWARM/SDV_Proyect/SDV_Software_Workspaces/vo_ws/install/vodom_first/share/vodom_first/config
[0.745s] -- Up-to-date: /home/jorgelop/Documents/VantTec_SDV_SWARM/SDV_Proyect/SDV_Software_Workspaces/vo_ws/install/vodom_first/share/vodom_first/config/vo_2d_visualization.rviz
[0.745s] -- Up-to-date: /home/jorgelop/Documents/VantTec_SDV_SWARM/SDV_Proyect/SDV_Software_Workspaces/vo_ws/install/vodom_first/share/ament_index/resource_index/package_run_dependencies/vodom_first
[0.745s] -- Up-to-date: /home/jorgelop/Documents/VantTec_SDV_SWARM/SDV_Proyect/SDV_Software_Workspaces/vo_ws/install/vodom_first/share/ament_index/resource_index/parent_prefix_path/vodom_first
[0.745s] -- Up-to-date: /home/jorgelop/Documents/VantTec_SDV_SWARM/SDV_Proyect/SDV_Software_Workspaces/vo_ws/install/vodom_first/share/vodom_first/environment/ament_prefix_path.sh
[0.745s] -- Installing: /home/jorgelop/Documents/VantTec_SDV_SWARM/SDV_Proyect/SDV_Software_Workspaces/vo_ws/install/vodom_first/share/vodom_first/environment/ament_prefix_path.dsv
[0.745s] -- Up-to-date: /home/jorgelop/Documents/VantTec_SDV_SWARM/SDV_Proyect/SDV_Software_Workspaces/vo_ws/install/vodom_first/share/vodom_first/environment/path.sh
[0.745s] -- Installing: /home/jorgelop/Documents/VantTec_SDV_SWARM/SDV_Proyect/SDV_Software_Workspaces/vo_ws/install/vodom_first/share/vodom_first/environment/path.dsv
[0.746s] -- Up-to-date: /home/jorgelop/Documents/VantTec_SDV_SWARM/SDV_Proyect/SDV_Software_Workspaces/vo_ws/install/vodom_first/share/vodom_first/local_setup.bash
[0.746s] -- Up-to-date: /home/jorgelop/Documents/VantTec_SDV_SWARM/SDV_Proyect/SDV_Software_Workspaces/vo_ws/install/vodom_first/share/vodom_first/local_setup.sh
[0.746s] -- Up-to-date: /home/jorgelop/Documents/VantTec_SDV_SWARM/SDV_Proyect/SDV_Software_Workspaces/vo_ws/install/vodom_first/share/vodom_first/local_setup.zsh
[0.746s] -- Installing: /home/jorgelop/Documents/VantTec_SDV_SWARM/SDV_Proyect/SDV_Software_Workspaces/vo_ws/install/vodom_first/share/vodom_first/local_setup.dsv
[0.746s] -- Installing: /home/jorgelop/Documents/VantTec_SDV_SWARM/SDV_Proyect/SDV_Software_Workspaces/vo_ws/install/vodom_first/share/vodom_first/package.dsv
[0.746s] -- Up-to-date: /home/jorgelop/Documents/VantTec_SDV_SWARM/SDV_Proyect/SDV_Software_Workspaces/vo_ws/install/vodom_first/share/ament_index/resource_index/packages/vodom_first
[0.746s] -- Up-to-date: /home/jorgelop/Documents/VantTec_SDV_SWARM/SDV_Proyect/SDV_Software_Workspaces/vo_ws/install/vodom_first/share/vodom_first/cmake/vodom_firstConfig.cmake
[0.746s] -- Up-to-date: /home/jorgelop/Documents/VantTec_SDV_SWARM/SDV_Proyect/SDV_Software_Workspaces/vo_ws/install/vodom_first/share/vodom_first/cmake/vodom_firstConfig-version.cmake
[0.747s] -- Installing: /home/jorgelop/Documents/VantTec_SDV_SWARM/SDV_Proyect/SDV_Software_Workspaces/vo_ws/install/vodom_first/share/vodom_first/package.xml
[0.748s] Invoked command in '/home/jorgelop/Documents/VantTec_SDV_SWARM/SDV_Proyect/SDV_Software_Workspaces/vo_ws/build/vodom_first' returned '0': CMAKE_PREFIX_PATH=${CMAKE_PREFIX_PATH}:/opt/ros/humble /usr/bin/cmake --install /home/jorgelop/Documents/VantTec_SDV_SWARM/SDV_Proyect/SDV_Software_Workspaces/vo_ws/build/vodom_first
